
Function Declartion: Type(None) main()
{
  FloatLit(5.) == FloatLit(5.)
  FloatLit(5.) != FloatLit(5.)
  FloatLit(5.) <= FloatLit(5.)
  FloatLit(6.5) >= FloatLit(5.)
  FloatLit(7.) > FloatLit(6.)
  FloatLit(7.) < FloatLit(6.)
  IntLit(5) == IntLit(5)
  IntLit(5) != IntLit(5)
  IntLit(5) <= IntLit(5)
  IntLit(6) >= IntLit(5)
  IntLit(7) > IntLit(6)
  IntLit(7) < IntLit(6)
  StrLit("Hello") == StrLit("Hello")
  StrLit("Hello") != StrLit("World")
  BoolLit(true) and BoolLit(false)
  BoolLit(true) and BoolLit(false) or BoolLit(true)
}

