Assigning bool expressions to variables
printing results
=================
(1 == 1) -> 1
1
=================
(1 != 1) -> 0
0
=================
(5 < 4) -> 0
0
=================
(5 > 4) -> 1
1
=================
(4 <= 5) -> 1
1
=================
(5 >= 5) -> 1
1
=================
(true and true) -> 1
1
=================
(false or false) -> 0
0
=================
(true and false or true) -> 1
1
=================
(not false and false or true) -> 1
1
=================
