==========================
loop counting up
0
1
2
3
4
5
6
7
8
9
==========================
loop counting down
10
9
8
7
6
5
4
3
2
1
==========================
testing nested while loop
10
nested loop
10
nested loop
9
nested loop
8
nested loop
7
nested loop
6
nested loop
5
nested loop
4
nested loop
3
nested loop
2
nested loop
1
9
8
7
6
5
4
3
2
1
