let do this forever, or until I count to 15 LOL
let do this forever, or until I count to 15 LOL
let do this forever, or until I count to 15 LOL
let do this forever, or until I count to 15 LOL
let do this forever, or until I count to 15 LOL
let do this forever, or until I count to 15 LOL
let do this forever, or until I count to 15 LOL
let do this forever, or until I count to 15 LOL
let do this forever, or until I count to 15 LOL
let do this forever, or until I count to 15 LOL
let do this forever, or until I count to 15 LOL
let do this forever, or until I count to 15 LOL
let do this forever, or until I count to 15 LOL
let do this forever, or until I count to 15 LOL
let do this forever, or until I count to 15 LOL
