========================================
refer to x after assignment
Hello World
========================================

========================================
declare and initialize y
call test() using y as a param
10
========================================

========================================
y = y + 5
10
========================================

========================================
assign and delcare int variable
7
========================================

========================================
y+z = 12
17
========================================

========================================
assign and declare string variable
Hello World

========================================
========================================
default value for float is 0
0.000000

========================================
========================================
default value for bool is false
1

========================================
