
Type(None) main()
{
  (Type(None) : FuncCall(name: "print", args: (Type(Str) : (StrLit("------------------------"))));
if ((Type(Bool) : (Type(Int) : IntLit(1)) > (Type(Int) : IntLit(5))))
{
  (Type(None) : FuncCall(name: "print", args: (Type(Str) : (StrLit("x is less than 5"))));
 }
else
if ((Type(Bool) : (Type(Int) : IntLit(1)) == (Type(Int) : IntLit(1))))
{
  (Type(None) : FuncCall(name: "print", args: (Type(Str) : (StrLit("x is in first elif"))));
 }
else
if ((Type(Bool) : (Type(Int) : IntLit(3)) == (Type(Int) : IntLit(6))))
{
  (Type(None) : FuncCall(name: "print", args: (Type(Str) : (StrLit("testing multiple elif, x = 6"))));
 }
else
{
  (Type(None) : FuncCall(name: "print", args: (Type(Str) : (StrLit("x is larger than 6"))));
 }
}

