
Type(None) main()
{
Type(Int) x = (Type(Int) : IntLit(5));
Type(Bool) y = (Type(Bool) : BoolLit(true));
  (Type(Int) : Assign(Id(x) = (Type(Int) : IntLit(5))));
  (Type(Bool) : Assign(Id(y) = (Type(Bool) : BoolLit(true))));
if ((Type(Bool) : (Type(Int) : Id(x)) < (Type(Int) : IntLit(5))))
{
  (Type(None) : FuncCall(name: "print", args: (Type(Str) : (StrLit("x is less than 5"))));
 }
else
if ((Type(Bool) : (Type(Int) : Id(x)) == (Type(Int) : IntLit(5))))
{
  (Type(None) : FuncCall(name: "print", args: (Type(Str) : (StrLit("x is equal to 5"))));
 }
else
if ((Type(Bool) : (Type(Int) : Id(x)) == (Type(Int) : IntLit(6))))
{
  (Type(None) : FuncCall(name: "print", args: (Type(Str) : (StrLit("testing multiple elif, x = 6"))));
 }
else
{
  (Type(None) : FuncCall(name: "print", args: (Type(Str) : (StrLit("x is larger than 6"))));
 }
  (Type(None) : FuncCall(name: "print", args: (Type(Str) : (StrLit("------------------------"))));
  (Type(Int) : Assign(Id(x) = (Type(Int) : IntLit(4))));
if ((Type(Bool) : (Type(Int) : Id(x)) < (Type(Int) : IntLit(5))))
{
  (Type(None) : FuncCall(name: "print", args: (Type(Str) : (StrLit("x is less than 5"))));
 }
else
if ((Type(Bool) : (Type(Int) : Id(x)) == (Type(Int) : IntLit(5))))
{
  (Type(None) : FuncCall(name: "print", args: (Type(Str) : (StrLit("x is equal to 5"))));
 }
else
if ((Type(Bool) : (Type(Int) : Id(x)) == (Type(Int) : IntLit(6))))
{
  (Type(None) : FuncCall(name: "print", args: (Type(Str) : (StrLit("testing multiple elif, x = 6"))));
 }
else
{
  (Type(None) : FuncCall(name: "print", args: (Type(Str) : (StrLit("x is larger than 6"))));
 }
  (Type(None) : FuncCall(name: "print", args: (Type(Str) : (StrLit("------------------------"))));
  (Type(Int) : Assign(Id(x) = (Type(Int) : IntLit(6))));
if ((Type(Bool) : (Type(Int) : Id(x)) < (Type(Int) : IntLit(5))))
{
  (Type(None) : FuncCall(name: "print", args: (Type(Str) : (StrLit("x is less than 5"))));
 }
else
if ((Type(Bool) : (Type(Int) : Id(x)) == (Type(Int) : IntLit(5))))
{
  (Type(None) : FuncCall(name: "print", args: (Type(Str) : (StrLit("x is equal to 5"))));
 }
else
if ((Type(Bool) : (Type(Int) : Id(x)) == (Type(Int) : IntLit(6))))
{
  (Type(None) : FuncCall(name: "print", args: (Type(Str) : (StrLit("testing multiple elif, x = 6"))));
 }
else
{
  (Type(None) : FuncCall(name: "print", args: (Type(Str) : (StrLit("x is larger than 6"))));
 }
  (Type(None) : FuncCall(name: "print", args: (Type(Str) : (StrLit("------------------------"))));
  (Type(Int) : Assign(Id(x) = (Type(Int) : IntLit(10))));
if ((Type(Bool) : (Type(Int) : Id(x)) < (Type(Int) : IntLit(5))))
{
  (Type(None) : FuncCall(name: "print", args: (Type(Str) : (StrLit("x is less than 5"))));
 }
else
if ((Type(Bool) : (Type(Int) : Id(x)) == (Type(Int) : IntLit(5))))
{
  (Type(None) : FuncCall(name: "print", args: (Type(Str) : (StrLit("x is equal to 5"))));
 }
else
if ((Type(Bool) : (Type(Int) : Id(x)) == (Type(Int) : IntLit(6))))
{
  (Type(None) : FuncCall(name: "print", args: (Type(Str) : (StrLit("testing multiple elif, x = 6"))));
 }
else
{
  (Type(None) : FuncCall(name: "print", args: (Type(Str) : (StrLit("x is larger than 6"))));
 }
  (Type(None) : FuncCall(name: "print", args: (Type(Str) : (StrLit("------------------------"))));
}

